[INFO] Number of tests   : 100
[INFO] Report file       : adder_tb.rpt
[INFO] Seed value        : 300
[PASS]    Test 0: 1 + 0 + 1 = sum:0 (exp:0), cout:1 (exp:1)
[PASS]    Test 1: 0 + 1 + 1 = sum:0 (exp:0), cout:1 (exp:1)
[PASS]    Test 2: 1 + 0 + 0 = sum:1 (exp:1), cout:0 (exp:0)
[PASS]    Test 3: 0 + 0 + 1 = sum:1 (exp:1), cout:0 (exp:0)
[PASS]    Test 4: 1 + 1 + 0 = sum:0 (exp:0), cout:1 (exp:1)
[PASS]    Test 5: 0 + 1 + 0 = sum:1 (exp:1), cout:0 (exp:0)
[PASS]    Test 6: 0 + 0 + 1 = sum:1 (exp:1), cout:0 (exp:0)
[PASS]    Test 7: 1 + 0 + 0 = sum:1 (exp:1), cout:0 (exp:0)
[PASS]    Test 8: 1 + 1 + 1 = sum:1 (exp:1), cout:1 (exp:1)
[PASS]    Test 9: 1 + 0 + 0 = sum:1 (exp:1), cout:0 (exp:0)
[PASS]    Test 10: 1 + 1 + 0 = sum:0 (exp:0), cout:1 (exp:1)
[PASS]    Test 11: 0 + 0 + 1 = sum:1 (exp:1), cout:0 (exp:0)
[PASS]    Test 12: 0 + 0 + 0 = sum:0 (exp:0), cout:0 (exp:0)
[PASS]    Test 13: 1 + 0 + 1 = sum:0 (exp:0), cout:1 (exp:1)
[PASS]    Test 14: 1 + 0 + 1 = sum:0 (exp:0), cout:1 (exp:1)
[PASS]    Test 15: 1 + 0 + 1 = sum:0 (exp:0), cout:1 (exp:1)
[PASS]    Test 16: 0 + 0 + 1 = sum:1 (exp:1), cout:0 (exp:0)
[PASS]    Test 17: 1 + 1 + 0 = sum:0 (exp:0), cout:1 (exp:1)
[PASS]    Test 18: 0 + 1 + 0 = sum:1 (exp:1), cout:0 (exp:0)
[PASS]    Test 19: 0 + 0 + 0 = sum:0 (exp:0), cout:0 (exp:0)
[PASS]    Test 20: 1 + 1 + 1 = sum:1 (exp:1), cout:1 (exp:1)
[PASS]    Test 21: 1 + 0 + 1 = sum:0 (exp:0), cout:1 (exp:1)
[PASS]    Test 22: 1 + 1 + 1 = sum:1 (exp:1), cout:1 (exp:1)
[PASS]    Test 23: 0 + 0 + 0 = sum:0 (exp:0), cout:0 (exp:0)
[PASS]    Test 24: 0 + 0 + 1 = sum:1 (exp:1), cout:0 (exp:0)
[PASS]    Test 25: 0 + 1 + 1 = sum:0 (exp:0), cout:1 (exp:1)
[PASS]    Test 26: 1 + 1 + 0 = sum:0 (exp:0), cout:1 (exp:1)
[PASS]    Test 27: 1 + 0 + 1 = sum:0 (exp:0), cout:1 (exp:1)
[PASS]    Test 28: 1 + 0 + 0 = sum:1 (exp:1), cout:0 (exp:0)
[PASS]    Test 29: 1 + 0 + 0 = sum:1 (exp:1), cout:0 (exp:0)
[PASS]    Test 30: 0 + 1 + 1 = sum:0 (exp:0), cout:1 (exp:1)
[PASS]    Test 31: 1 + 1 + 0 = sum:0 (exp:0), cout:1 (exp:1)
[PASS]    Test 32: 1 + 0 + 0 = sum:1 (exp:1), cout:0 (exp:0)
[PASS]    Test 33: 1 + 1 + 0 = sum:0 (exp:0), cout:1 (exp:1)
[PASS]    Test 34: 0 + 0 + 0 = sum:0 (exp:0), cout:0 (exp:0)
[PASS]    Test 35: 0 + 1 + 1 = sum:0 (exp:0), cout:1 (exp:1)
[PASS]    Test 36: 0 + 1 + 1 = sum:0 (exp:0), cout:1 (exp:1)
[PASS]    Test 37: 1 + 1 + 0 = sum:0 (exp:0), cout:1 (exp:1)
[PASS]    Test 38: 1 + 1 + 1 = sum:1 (exp:1), cout:1 (exp:1)
[PASS]    Test 39: 0 + 0 + 1 = sum:1 (exp:1), cout:0 (exp:0)
[PASS]    Test 40: 0 + 0 + 1 = sum:1 (exp:1), cout:0 (exp:0)
[PASS]    Test 41: 1 + 0 + 1 = sum:0 (exp:0), cout:1 (exp:1)
[PASS]    Test 42: 0 + 0 + 1 = sum:1 (exp:1), cout:0 (exp:0)
[PASS]    Test 43: 0 + 0 + 0 = sum:0 (exp:0), cout:0 (exp:0)
[PASS]    Test 44: 0 + 1 + 0 = sum:1 (exp:1), cout:0 (exp:0)
[PASS]    Test 45: 0 + 0 + 0 = sum:0 (exp:0), cout:0 (exp:0)
[PASS]    Test 46: 0 + 1 + 0 = sum:1 (exp:1), cout:0 (exp:0)
[PASS]    Test 47: 1 + 1 + 1 = sum:1 (exp:1), cout:1 (exp:1)
[PASS]    Test 48: 0 + 0 + 1 = sum:1 (exp:1), cout:0 (exp:0)
[PASS]    Test 49: 1 + 0 + 0 = sum:1 (exp:1), cout:0 (exp:0)
[PASS]    Test 50: 1 + 0 + 0 = sum:1 (exp:1), cout:0 (exp:0)
[PASS]    Test 51: 0 + 1 + 1 = sum:0 (exp:0), cout:1 (exp:1)
[PASS]    Test 52: 0 + 0 + 1 = sum:1 (exp:1), cout:0 (exp:0)
[PASS]    Test 53: 1 + 0 + 1 = sum:0 (exp:0), cout:1 (exp:1)
[PASS]    Test 54: 0 + 1 + 1 = sum:0 (exp:0), cout:1 (exp:1)
[PASS]    Test 55: 1 + 0 + 0 = sum:1 (exp:1), cout:0 (exp:0)
[PASS]    Test 56: 0 + 0 + 1 = sum:1 (exp:1), cout:0 (exp:0)
[PASS]    Test 57: 1 + 1 + 1 = sum:1 (exp:1), cout:1 (exp:1)
[PASS]    Test 58: 1 + 0 + 1 = sum:0 (exp:0), cout:1 (exp:1)
[PASS]    Test 59: 0 + 1 + 1 = sum:0 (exp:0), cout:1 (exp:1)
[PASS]    Test 60: 1 + 1 + 1 = sum:1 (exp:1), cout:1 (exp:1)
[PASS]    Test 61: 0 + 1 + 1 = sum:0 (exp:0), cout:1 (exp:1)
[PASS]    Test 62: 0 + 1 + 1 = sum:0 (exp:0), cout:1 (exp:1)
[PASS]    Test 63: 0 + 1 + 1 = sum:0 (exp:0), cout:1 (exp:1)
[PASS]    Test 64: 1 + 1 + 0 = sum:0 (exp:0), cout:1 (exp:1)
[PASS]    Test 65: 0 + 1 + 0 = sum:1 (exp:1), cout:0 (exp:0)
[PASS]    Test 66: 0 + 0 + 0 = sum:0 (exp:0), cout:0 (exp:0)
[PASS]    Test 67: 1 + 1 + 0 = sum:0 (exp:0), cout:1 (exp:1)
[PASS]    Test 68: 0 + 0 + 0 = sum:0 (exp:0), cout:0 (exp:0)
[PASS]    Test 69: 1 + 0 + 0 = sum:1 (exp:1), cout:0 (exp:0)
[PASS]    Test 70: 0 + 0 + 1 = sum:1 (exp:1), cout:0 (exp:0)
[PASS]    Test 71: 0 + 0 + 1 = sum:1 (exp:1), cout:0 (exp:0)
[PASS]    Test 72: 0 + 0 + 0 = sum:0 (exp:0), cout:0 (exp:0)
[PASS]    Test 73: 1 + 1 + 0 = sum:0 (exp:0), cout:1 (exp:1)
[PASS]    Test 74: 0 + 1 + 1 = sum:0 (exp:0), cout:1 (exp:1)
[PASS]    Test 75: 0 + 0 + 0 = sum:0 (exp:0), cout:0 (exp:0)
[PASS]    Test 76: 1 + 0 + 1 = sum:0 (exp:0), cout:1 (exp:1)
[PASS]    Test 77: 0 + 0 + 1 = sum:1 (exp:1), cout:0 (exp:0)
[PASS]    Test 78: 1 + 1 + 0 = sum:0 (exp:0), cout:1 (exp:1)
[PASS]    Test 79: 1 + 1 + 1 = sum:1 (exp:1), cout:1 (exp:1)
[PASS]    Test 80: 1 + 1 + 1 = sum:1 (exp:1), cout:1 (exp:1)
[PASS]    Test 81: 0 + 1 + 0 = sum:1 (exp:1), cout:0 (exp:0)
[PASS]    Test 82: 1 + 1 + 1 = sum:1 (exp:1), cout:1 (exp:1)
[PASS]    Test 83: 0 + 0 + 1 = sum:1 (exp:1), cout:0 (exp:0)
[PASS]    Test 84: 1 + 0 + 0 = sum:1 (exp:1), cout:0 (exp:0)
[PASS]    Test 85: 0 + 1 + 0 = sum:1 (exp:1), cout:0 (exp:0)
[PASS]    Test 86: 0 + 1 + 0 = sum:1 (exp:1), cout:0 (exp:0)
[PASS]    Test 87: 1 + 0 + 1 = sum:0 (exp:0), cout:1 (exp:1)
[PASS]    Test 88: 1 + 0 + 0 = sum:1 (exp:1), cout:0 (exp:0)
[PASS]    Test 89: 1 + 1 + 1 = sum:1 (exp:1), cout:1 (exp:1)
[PASS]    Test 90: 1 + 1 + 0 = sum:0 (exp:0), cout:1 (exp:1)
[PASS]    Test 91: 0 + 1 + 1 = sum:0 (exp:0), cout:1 (exp:1)
[PASS]    Test 92: 0 + 0 + 0 = sum:0 (exp:0), cout:0 (exp:0)
[PASS]    Test 93: 1 + 0 + 0 = sum:1 (exp:1), cout:0 (exp:0)
[PASS]    Test 94: 1 + 1 + 1 = sum:1 (exp:1), cout:1 (exp:1)
[PASS]    Test 95: 0 + 0 + 0 = sum:0 (exp:0), cout:0 (exp:0)
[PASS]    Test 96: 0 + 1 + 0 = sum:1 (exp:1), cout:0 (exp:0)
[PASS]    Test 97: 1 + 0 + 0 = sum:1 (exp:1), cout:0 (exp:0)
[PASS]    Test 98: 1 + 0 + 1 = sum:0 (exp:0), cout:1 (exp:1)
[PASS]    Test 99: 0 + 0 + 1 = sum:1 (exp:1), cout:0 (exp:0)
[INFO] Testbench completed

